[2026-02-20 17:26:51,169] INFO in app: RedOps3 startup
Database initialized (WAL mode enabled).
Traceback (most recent call last):
  File "/home/doomer/Bureau/redops3/app.py", line 158, in <module>
    socketio.run(app, **run_args)
    ~~~~~~~~~~~~^^^^^^^^^^^^^^^^^
  File "/home/doomer/Bureau/redops3/venv/lib/python3.13/site-packages/flask_socketio/__init__.py", line 640, in run
    raise RuntimeError('The Werkzeug web server is not '
    ...<2 lines>...
                       'run() method to disable this error.')
RuntimeError: The Werkzeug web server is not designed to run in production. Pass allow_unsafe_werkzeug=True to the run() method to disable this error.
 
 -------------- celery@kali v5.6.2 (recovery)
--- ***** ----- 
-- ******* ---- Linux-6.18.5+kali-arm64-aarch64-with-glibc2.42 2026-02-20 23:30:30
- *** --- * --- 
- ** ---------- [config]
- ** ---------- .> app:         redops_tasks:0xffffb77b17f0
- ** ---------- .> transport:   redis://127.0.0.1:6379/0
- ** ---------- .> results:     redis://127.0.0.1:6379/0
- *** --- * --- .> concurrency: 2 (solo)
-- ******* ---- .> task events: OFF (enable -E to monitor tasks in this worker)
--- ***** ----- 
 -------------- [queues]
                .> celery           exchange=celery(direct) key=celery
                

[tasks]
  . redops.run_scan


worker: Warm shutdown (MainProcess)

worker: Warm shutdown (MainProcess)
